[INFO] Scanning for projects...
[INFO] 
[INFO] ----------------< com.example:Iron_Management_Backend >-----------------
[INFO] Building Iron_Management_Backend 0.0.1-SNAPSHOT
[INFO]   from pom.xml
[INFO] --------------------------------[ jar ]---------------------------------
[INFO] 
[INFO] >>> spring-boot:3.0.2:run (default-cli) > test-compile @ Iron_Management_Backend >>>
[INFO] 
[INFO] --- resources:3.3.1:resources (default-resources) @ Iron_Management_Backend ---
[INFO] Copying 7 resources from src\main\resources to target\classes
[INFO] 
[INFO] --- compiler:3.8.1:compile (default-compile) @ Iron_Management_Backend ---
[INFO] Nothing to compile - all classes are up to date
[INFO] 
[INFO] --- resources:3.3.1:testResources (default-testResources) @ Iron_Management_Backend ---
[INFO] skip non existing resourceDirectory D:\iscas2025\code\ironman\iron-management-backend\src\test\resources
[INFO] 
[INFO] --- compiler:3.8.1:testCompile (default-testCompile) @ Iron_Management_Backend ---
[INFO] Nothing to compile - all classes are up to date
[INFO] 
[INFO] <<< spring-boot:3.0.2:run (default-cli) < test-compile @ Iron_Management_Backend <<<
[INFO] 
[INFO] 
[INFO] --- spring-boot:3.0.2:run (default-cli) @ Iron_Management_Backend ---
[INFO] Attaching agents: []

  .   ____          _            __ _ _
 /\\ / ___'_ __ _ _(_)_ __  __ _ \ \ \ \
( ( )\___ | '_ | '_| | '_ \/ _` | \ \ \ \
 \\/  ___)| |_)| | | | | || (_| |  ) ) ) )
  '  |____| .__|_| |_|_| |_\__, | / / / /
 =========|_|==============|___/=/_/_/_/
 :: Spring Boot ::                (v3.0.2)

2026-04-24T13:14:13.024+08:00  INFO 17376 --- [           main] c.e.IronManagementBackendApplication     : Starting IronManagementBackendApplication using Java 17.0.11 with PID 17376 (D:\iscas2025\code\ironman\iron-management-backend\target\classes started by 86908 in D:\iscas2025\code\ironman\iron-management-backend)
2026-04-24T13:14:13.029+08:00  INFO 17376 --- [           main] c.e.IronManagementBackendApplication     : The following 1 profile is active: "dev"
2026-04-24T13:14:13.709+08:00  INFO 17376 --- [           main] o.s.b.w.embedded.tomcat.TomcatWebServer  : Tomcat initialized with port(s): 8888 (http)
2026-04-24T13:14:13.717+08:00  INFO 17376 --- [           main] o.apache.catalina.core.StandardService   : Starting service [Tomcat]
2026-04-24T13:14:13.717+08:00  INFO 17376 --- [           main] o.apache.catalina.core.StandardEngine    : Starting Servlet engine: [Apache Tomcat/10.1.5]
2026-04-24T13:14:13.777+08:00  INFO 17376 --- [           main] o.a.c.c.C.[Tomcat].[localhost].[/iron]   : Initializing Spring embedded WebApplicationContext
2026-04-24T13:14:13.778+08:00  INFO 17376 --- [           main] w.s.c.ServletWebServerApplicationContext : Root WebApplicationContext: initialization completed in 712 ms
 _ _   |_  _ _|_. ___ _ |    _ 
| | |\/|_)(_| | |_\  |_)||_|_\ 
     /               |         
                        3.5.4.1 
2026-04-24T13:14:14.408+08:00  INFO 17376 --- [           main] o.s.b.w.embedded.tomcat.TomcatWebServer  : Tomcat started on port(s): 8888 (http) with context path '/iron'
2026-04-24T13:14:14.422+08:00  INFO 17376 --- [           main] c.e.IronManagementBackendApplication     : Started IronManagementBackendApplication in 1.677 seconds (process running for 1.887)
2026-04-24T13:14:47.974+08:00  INFO 17376 --- [nio-8888-exec-1] o.a.c.c.C.[Tomcat].[localhost].[/iron]   : Initializing Spring DispatcherServlet 'dispatcherServlet'
2026-04-24T13:14:47.974+08:00  INFO 17376 --- [nio-8888-exec-1] o.s.web.servlet.DispatcherServlet        : Initializing Servlet 'dispatcherServlet'
2026-04-24T13:14:47.975+08:00  INFO 17376 --- [nio-8888-exec-1] o.s.web.servlet.DispatcherServlet        : Completed initialization in 1 ms
2026-04-24T13:14:48.063+08:00  INFO 17376 --- [nio-8888-exec-1] com.zaxxer.hikari.HikariDataSource       : HikariPool-1 - Starting...
2026-04-24T13:14:48.197+08:00  INFO 17376 --- [nio-8888-exec-1] com.zaxxer.hikari.pool.HikariPool        : HikariPool-1 - Added connection com.mysql.cj.jdbc.ConnectionImpl@6f0704c4
2026-04-24T13:14:48.199+08:00  INFO 17376 --- [nio-8888-exec-1] com.zaxxer.hikari.HikariDataSource       : HikariPool-1 - Start completed.
2026-04-24T13:54:31.092+08:00  WARN 17376 --- [nio-8888-exec-3] ocalVariableTableParameterNameDiscoverer : Using deprecated '-debug' fallback for parameter name resolution. Compile the affected code with '-parameters' instead or avoid its introspection: com.example.controller.CustomerController
2026-04-24T13:54:34.084+08:00  WARN 17376 --- [nio-8888-exec-4] ocalVariableTableParameterNameDiscoverer : Using deprecated '-debug' fallback for parameter name resolution. Compile the affected code with '-parameters' instead or avoid its introspection: com.example.controller.OrderController
终止批处理操作吗(Y/N)? 